PASS Offline startup, exact title and v0.11 creator
PASS Three half-size buttons share one horizontal row under Help
PASS Inherited v0.10 key starts with three empty slots in empty storage
PASS Left click opens 1번 카메라 / 취소 / 저장 and does not save yet
PASS Cancel receives initial focus
PASS Save popup fits the screen near the pointer
PASS Save cancellation leaves slot empty
PASS Escape cancels pending save
PASS Outside click cancels pending save
PASS Only explicit Save stores current pose
PASS Occupied slot asks before overwriting
PASS Cancelled overwrite preserves prior pose
PASS Shortcut starts a renderer-owned camera animation
PASS Intermediate camera is between old and target, not teleported
PASS Camera arrives at exact saved pose
PASS Transition did not alter simulation time/rate/pause
PASS Different targets travel smoothly and arrive at Moon
PASS Transition preserves the per-body size cap
PASS CPU sky produces intermediate frames instead of freezing until transition ends
PASS Rapid shortcut retargeting ends at latest requested camera
PASS Manual drag interrupts transition without resuming it later
PASS Home interrupts camera transition
PASS Right click still asks Delete, separate from Save
PASS Cancelled deletion preserves pose
PASS Confirmed deletion clears only chosen slot
PASS Empty slot has no deletion modal
PASS Empty shortcut leaves current camera unchanged
PASS Zen shows only Home and mode controls on activity
PASS SEOUL remains visible in zen
PASS Zen idle keeps buttons hidden
PASS Preset switching works in zen without showing preset buttons
PASS All received surfaces still belong to the correct body
PASS Image-inclusive HTML export retains all new code and title
PASS v1 camera storage remains compatible and persistent
PASS Reloaded slot interpolates to correct camera
PASS Blocked storage allows in-session confirm/save/recall
